\BOOKMARK [1][-]{section.1}{\376\377\000O\000v\000e\000r\000a\000l\000l\000\040\000I\000d\000e\000a}{}% 1
\BOOKMARK [1][-]{section.2}{\376\377\000S\000a\000m\000p\000l\000e\000\040\000Q\000u\000e\000r\000i\000e\000s}{}% 2
\BOOKMARK [1][-]{section.3}{\376\377\000D\000a\000t\000a\000s\000e\000t\000s\000\040\000a\000n\000d\000\040\000D\000a\000t\000a\000\040\000C\000o\000v\000e\000r\000a\000g\000e}{}% 3
\BOOKMARK [2][-]{subsection.3.1}{\376\377\000C\000o\000r\000e\000\040\000D\000a\000t\000a\000s\000e\000t\000:\000\040\000F\000o\000r\000m\000u\000l\000a\000\040\0001\000\040\000W\000o\000r\000l\000d\000\040\000C\000h\000a\000m\000p\000i\000o\000n\000s\000h\000i\000p\000\040\000\050\0001\0009\0005\0000\040\023\0002\0000\0002\0004\000\051}{section.3}% 4
\BOOKMARK [2][-]{subsection.3.2}{\376\377\000O\000p\000t\000i\000o\000n\000a\000l\000\040\000T\000e\000l\000e\000m\000e\000t\000r\000y\000\040\000a\000n\000d\000\040\000E\000x\000t\000e\000n\000d\000e\000d\000\040\000D\000a\000t\000a}{section.3}% 5
\BOOKMARK [1][-]{section.4}{\376\377\000E\000x\000p\000l\000o\000r\000a\000t\000o\000r\000y\000\040\000D\000a\000t\000a\000\040\000A\000n\000a\000l\000y\000s\000i\000s}{}% 6
\BOOKMARK [2][-]{subsection.4.1}{\376\377\000D\000a\000t\000a\000s\000e\000t\000\040\000O\000v\000e\000r\000v\000i\000e\000w}{section.4}% 7
\BOOKMARK [2][-]{subsection.4.2}{\376\377\000T\000e\000m\000p\000o\000r\000a\000l\000\040\000C\000o\000v\000e\000r\000a\000g\000e}{section.4}% 8
\BOOKMARK [2][-]{subsection.4.3}{\376\377\000D\000a\000t\000a\000\040\000C\000o\000m\000p\000l\000e\000t\000e\000n\000e\000s\000s\000\040\000a\000n\000d\000\040\000C\000o\000v\000e\000r\000a\000g\000e}{section.4}% 9
\BOOKMARK [2][-]{subsection.4.4}{\376\377\000I\000m\000p\000l\000i\000c\000a\000t\000i\000o\000n\000s\000\040\000f\000o\000r\000\040\000A\000n\000a\000l\000y\000s\000i\000s}{section.4}% 10
\BOOKMARK [1][-]{section.5}{\376\377\000P\000i\000p\000e\000l\000i\000n\000e\000\040\000D\000i\000a\000g\000r\000a\000m}{}% 11
\BOOKMARK [1][-]{section.6}{\376\377\000A\000g\000e\000n\000t\000i\000c\000\040\000A\000I\000\040\000W\000o\000r\000k\000f\000l\000o\000w}{}% 12
\BOOKMARK [1][-]{section.7}{\376\377\000I\000n\000t\000e\000l\000l\000i\000g\000e\000n\000t\000\040\000F\000a\000c\000t\000o\000r\000\040\000A\000n\000a\000l\000y\000s\000i\000s}{}% 13
\BOOKMARK [2][-]{subsection.7.1}{\376\377\000F\000a\000c\000t\000o\000r\000-\000D\000r\000i\000v\000e\000n\000\040\000Q\000u\000e\000r\000y\000\040\000U\000n\000d\000e\000r\000s\000t\000a\000n\000d\000i\000n\000g}{section.7}% 14
\BOOKMARK [2][-]{subsection.7.2}{\376\377\000F\000a\000c\000t\000o\000r\000\040\000A\000n\000a\000l\000y\000s\000i\000s\000\040\000W\000o\000r\000k\000f\000l\000o\000w}{section.7}% 15
\BOOKMARK [2][-]{subsection.7.3}{\376\377\000E\000x\000a\000m\000p\000l\000e\000:\000\040\000I\000n\000t\000e\000l\000l\000i\000g\000e\000n\000t\000\040\000F\000a\000c\000t\000o\000r\000\040\000D\000e\000t\000e\000c\000t\000i\000o\000n}{section.7}% 16
\BOOKMARK [1][-]{section.8}{\376\377\000D\000e\000e\000p\000\040\000M\000o\000d\000e\000\040\000I\000m\000p\000l\000e\000m\000e\000n\000t\000a\000t\000i\000o\000n}{}% 17
\BOOKMARK [2][-]{subsection.8.1}{\376\377\000O\000p\000e\000n\000F\0001\000\040\000A\000P\000I\000\040\000I\000n\000t\000e\000g\000r\000a\000t\000i\000o\000n}{section.8}% 18
\BOOKMARK [2][-]{subsection.8.2}{\376\377\000F\000a\000s\000t\000F\0001\000\040\000L\000i\000b\000r\000a\000r\000y\000\040\000I\000n\000t\000e\000g\000r\000a\000t\000i\000o\000n}{section.8}% 19
\BOOKMARK [1][-]{section.9}{\376\377\000S\000y\000s\000t\000e\000m\000\040\000G\000u\000a\000r\000d\000r\000a\000i\000l\000s}{}% 20
\BOOKMARK [2][-]{subsection.9.1}{\376\377\000S\000u\000s\000t\000a\000i\000n\000a\000b\000i\000l\000i\000t\000y\000\040\000G\000u\000a\000r\000d\000r\000a\000i\000l\000s}{section.9}% 21
\BOOKMARK [2][-]{subsection.9.2}{\376\377\000C\000o\000r\000r\000e\000c\000t\000n\000e\000s\000s\000\040\000G\000u\000a\000r\000d\000r\000a\000i\000l\000s}{section.9}% 22
\BOOKMARK [1][-]{section.10}{\376\377\000I\000m\000p\000l\000e\000m\000e\000n\000t\000a\000t\000i\000o\000n\000\040\000C\000h\000a\000l\000l\000e\000n\000g\000e\000s}{}% 23
\BOOKMARK [2][-]{subsection.10.1}{\376\377\000D\000a\000t\000a\000\040\000I\000n\000t\000e\000g\000r\000a\000t\000i\000o\000n\000\040\000a\000n\000d\000\040\000E\000n\000t\000i\000t\000y\000\040\000R\000e\000s\000o\000l\000u\000t\000i\000o\000n}{section.10}% 24
\BOOKMARK [2][-]{subsection.10.2}{\376\377\000L\000L\000M\000\040\000C\000o\000n\000t\000e\000x\000t\000\040\000M\000a\000n\000a\000g\000e\000m\000e\000n\000t}{section.10}% 25
\BOOKMARK [2][-]{subsection.10.3}{\376\377\000A\000P\000I\000\040\000R\000a\000t\000e\000\040\000L\000i\000m\000i\000t\000i\000n\000g}{section.10}% 26
\BOOKMARK [1][-]{section.11}{\376\377\000C\000a\000s\000e\000\040\000S\000t\000u\000d\000y\000:\000\040\0002\0000\0002\0004\000\040\000B\000a\000h\000r\000a\000i\000n\000\040\000G\000P\000\040\000A\000n\000a\000l\000y\000s\000i\000s}{}% 27
\BOOKMARK [2][-]{subsection.11.1}{\376\377\000S\000t\000a\000g\000e\000\040\0001\000:\000\040\000B\000a\000s\000i\000c\000\040\000A\000n\000a\000l\000y\000s\000i\000s\000\040\000\050\000K\000a\000g\000g\000l\000e\000\040\000D\000a\000t\000a\000\051}{section.11}% 28
\BOOKMARK [2][-]{subsection.11.2}{\376\377\000S\000t\000a\000g\000e\000\040\0002\000:\000\040\000D\000e\000e\000p\000\040\000E\000n\000r\000i\000c\000h\000m\000e\000n\000t\000\040\000\050\000O\000p\000e\000n\000F\0001\000\040\000\046\000\040\000F\000a\000s\000t\000F\0001\000\051}{section.11}% 29
\BOOKMARK [1][-]{section.12}{\376\377\000T\000e\000c\000h\000n\000o\000l\000o\000g\000y\000\040\000S\000t\000a\000c\000k\000\040\000a\000n\000d\000\040\000I\000m\000p\000l\000e\000m\000e\000n\000t\000a\000t\000i\000o\000n}{}% 30
\BOOKMARK [2][-]{subsection.12.1}{\376\377\000K\000e\000y\000\040\000I\000m\000p\000l\000e\000m\000e\000n\000t\000a\000t\000i\000o\000n\000\040\000F\000e\000a\000t\000u\000r\000e\000s}{section.12}% 31
\BOOKMARK [1][-]{section.13}{\376\377\000R\000e\000s\000u\000l\000t\000s\000\040\000a\000n\000d\000\040\000E\000v\000a\000l\000u\000a\000t\000i\000o\000n}{}% 32
\BOOKMARK [2][-]{subsection.13.1}{\376\377\000Q\000u\000e\000r\000y\000\040\000C\000o\000v\000e\000r\000a\000g\000e\000\040\000a\000n\000d\000\040\000A\000c\000c\000u\000r\000a\000c\000y}{section.13}% 33
\BOOKMARK [2][-]{subsection.13.2}{\376\377\000P\000e\000r\000f\000o\000r\000m\000a\000n\000c\000e\000\040\000M\000e\000t\000r\000i\000c\000s}{section.13}% 34
\BOOKMARK [2][-]{subsection.13.3}{\376\377\000E\000r\000r\000o\000r\000\040\000R\000e\000c\000o\000v\000e\000r\000y\000\040\000a\000n\000d\000\040\000S\000e\000l\000f\000-\000H\000e\000a\000l\000i\000n\000g}{section.13}% 35
\BOOKMARK [2][-]{subsection.13.4}{\376\377\000C\000u\000r\000r\000e\000n\000t\000\040\000L\000i\000m\000i\000t\000a\000t\000i\000o\000n\000s}{section.13}% 36
\BOOKMARK [2][-]{subsection.13.5}{\376\377\000P\000l\000a\000n\000n\000e\000d\000\040\000E\000n\000h\000a\000n\000c\000e\000m\000e\000n\000t\000s}{section.13}% 37
\BOOKMARK [1][-]{section.14}{\376\377\000C\000o\000n\000c\000l\000u\000s\000i\000o\000n}{}% 38
